2025-09-29 21:02:14 - improved_experience_extractor - INFO - Analyzing text for experience: i have 3 years and 6 monthths of experience...
2025-09-29 21:02:14 - improved_experience_extractor - INFO - Experience extraction result: 3 years 6 months
2025-09-29 21:02:14 - improved_experience_extractor - INFO - Analyzing text for experience: total experience: 2.5 years...
2025-09-29 21:02:14 - improved_experience_extractor - INFO - Experience extraction result: 2 years 2 months
2025-09-29 21:02:14 - improved_experience_extractor - INFO - Analyzing text for experience: working for 18 monthths...
2025-09-29 21:02:14 - improved_experience_extractor - INFO - Experience extraction result: 2 years 6 months
2025-09-29 21:02:14 - improved_experience_extractor - INFO - Analyzing text for experience: fresher candidate...
2025-09-29 21:02:57 - improved_experience_extractor - INFO - Analyzing text for experience: i have 3 years and 6 monthths of experience...
2025-09-29 21:02:57 - improved_experience_extractor - INFO - Experience extraction result: 3 years 6 months
2025-09-29 21:02:57 - improved_experience_extractor - INFO - Analyzing text for experience: total experience: 2.5 years...
2025-09-29 21:02:57 - improved_experience_extractor - INFO - Experience extraction result: 2 years 2 months
2025-09-29 21:02:57 - improved_experience_extractor - INFO - Analyzing text for experience: working for 18 monthths...
2025-09-29 21:02:57 - improved_experience_extractor - INFO - Experience extraction result: 2 years 6 months
2025-09-29 21:02:57 - improved_experience_extractor - INFO - Analyzing text for experience: fresher candidate...
2025-09-29 21:02:57 - improved_experience_extractor - INFO - Experience extraction result: 0 years 0 months
2025-09-29 21:02:57 - improved_experience_extractor - INFO - Analyzing text for experience: 5 years in software development...
2025-09-29 21:02:57 - improved_experience_extractor - INFO - Experience extraction result: 5 years 5 months
2025-09-29 21:08:11 - improved_experience_extractor - INFO - Analyzing text for experience: 5 years...
2025-09-29 21:08:11 - improved_experience_extractor - INFO - Experience extraction result: 5 years 5 months
2025-09-29 21:08:13 - improved_experience_extractor - INFO - Analyzing text for experience: 3 years...
2025-09-29 21:08:13 - improved_experience_extractor - INFO - Experience extraction result: 3 years 3 months
2025-09-29 21:08:14 - improved_experience_extractor - INFO - Analyzing text for experience: 8 years...
2025-09-29 21:08:14 - improved_experience_extractor - INFO - Experience extraction result: 8 years 8 months
2025-09-29 21:08:17 - improved_experience_extractor - INFO - Analyzing text for experience: 3 years...
2025-09-29 21:08:17 - improved_experience_extractor - INFO - Experience extraction result: 3 years 3 months
